---
source: src/tokenizer/fenced_code.rs
expression: results

---
- size: 42
  token:
    FencedCode:
      code: "def foo(x)\n  return 3\nend"
      meta_string: meta
      language: ruby

