---
source: src/tokenizer/indented_code.rs
expression: results

---
- size: 38
  token:
    IndentedCode:
      codes:
        - a simple
        - "  indented code block"
- size: 30
  token:
    IndentedCode:
      codes:
        - chunk1
        - "  "
        - "  chunk2"

