---
source: src/tokenizer/block_quote.rs
expression: results

---
- size: 1
  token: BlockQuote
- size: 2
  token: BlockQuote

