---
source: src/tokenizer/link_definition.rs
expression: results

---
- size: 19
  token:
    LinkDefinition:
      href: /url
      title: title
      label: foo

