---
source: src/lexer_test.rs
expression: tokenizes(cases)

---
- Ok:
    blocks:
      - Leaf:
          IndentedCode: abc
- Ok:
    blocks:
      - Leaf:
          IndentedCode: "<div></div>"

